This is pdfTeX, Version 3.141592653-2.6-1.40.29 (MiKTeX 26.1) (preloaded format=pdflatex 2026.2.9)  1 JUN 2026 14:02
entering extended mode
 restricted \write18 enabled.
 %&-line parsing enabled.
**./essay-3.tex
(essay-3.tex
LaTeX2e <2025-11-01>
L3 programming layer <2026-01-19>

(C:\Users\EdmundMulligan.ONELONDON\AppData\Local\Programs\MiKTeX\tex/latex/base
\article.cls
Document Class: article 2025/01/22 v1.4n Standard LaTeX document class

(C:\Users\EdmundMulligan.ONELONDON\AppData\Local\Programs\MiKTeX\tex/latex/base
\size12.clo
File: size12.clo 2025/01/22 v1.4n Standard LaTeX file (size option)
)
\c@part=\count275
\c@section=\count276
\c@subsection=\count277
\c@subsubsection=\count278
\c@paragraph=\count279
\c@subparagraph=\count280
\c@figure=\count281
\c@table=\count282
\abovecaptionskip=\skip49
\belowcaptionskip=\skip50
\bibindent=\dimen148
)
(C:\Users\EdmundMulligan.ONELONDON\AppData\Local\Programs\MiKTeX\tex/latex/geom
etry\geometry.sty
Package: geometry 2020/01/02 v5.9 Page Geometry

(C:\Users\EdmundMulligan.ONELONDON\AppData\Local\Programs\MiKTeX\tex/latex/grap
hics\keyval.sty
Package: keyval 2022/05/29 v1.15 key=value parser (DPC)
\KV@toks@=\toks17
)
(C:\Users\EdmundMulligan.ONELONDON\AppData\Local\Programs\MiKTeX\tex/generic/if
tex\ifvtex.sty
Package: ifvtex 2019/10/25 v1.7 ifvtex legacy package. Use iftex instead.

(C:\Users\EdmundMulligan.ONELONDON\AppData\Local\Programs\MiKTeX\tex/generic/if
tex\iftex.sty
Package: iftex 2024/12/12 v1.0g TeX engine tests
))
\Gm@cnth=\count283
\Gm@cntv=\count284
\c@Gm@tempcnt=\count285
\Gm@bindingoffset=\dimen149
\Gm@wd@mp=\dimen150
\Gm@odd@mp=\dimen151
\Gm@even@mp=\dimen152
\Gm@layoutwidth=\dimen153
\Gm@layoutheight=\dimen154
\Gm@layouthoffset=\dimen155
\Gm@layoutvoffset=\dimen156
\Gm@dimlist=\toks18

(C:\Users\EdmundMulligan.ONELONDON\AppData\Local\Programs\MiKTeX\tex/latex/geom
etry\geometry.cfg))
(C:\Users\EdmundMulligan.ONELONDON\AppData\Local\Programs\MiKTeX\tex/latex/natb
ib\natbib.sty
Package: natbib 2010/09/13 8.31b (PWD, AO)
\bibhang=\skip51
\bibsep=\skip52
LaTeX Info: Redefining \cite on input line 694.
\c@NAT@ctr=\count286
)
(C:\Users\EdmundMulligan.ONELONDON\AppData\Local\Programs\MiKTeX\tex/latex/url\
url.sty
\Urlmuskip=\muskip17
Package: url 2013/09/16  ver 3.4  Verb mode for urls, etc.
)
(C:\Users\EdmundMulligan.ONELONDON\AppData\Local\Programs\MiKTeX\tex/latex/tool
s\indentfirst.sty
Package: indentfirst 2023/07/02 v1.03 Indent first paragraph (DPC)
)
(C:\Users\EdmundMulligan.ONELONDON\AppData\Local\Programs\MiKTeX\tex/latex/book
tabs\booktabs.sty
Package: booktabs 2020/01/12 v1.61803398 Publication quality tables
\heavyrulewidth=\dimen157
\lightrulewidth=\dimen158
\cmidrulewidth=\dimen159
\belowrulesep=\dimen160
\belowbottomsep=\dimen161
\aboverulesep=\dimen162
\abovetopsep=\dimen163
\cmidrulesep=\dimen164
\cmidrulekern=\dimen165
\defaultaddspace=\dimen166
\@cmidla=\count287
\@cmidlb=\count288
\@aboverulesep=\dimen167
\@belowrulesep=\dimen168
\@thisruleclass=\count289
\@lastruleclass=\count290
\@thisrulewidth=\dimen169
)
(C:\Users\EdmundMulligan.ONELONDON\AppData\Local\Programs\MiKTeX\tex/latex/floa
t\float.sty
Package: float 2001/11/08 v1.3d Float enhancements (AL)
\c@float@type=\count291
\float@exts=\toks19
\float@box=\box53
\@float@everytoks=\toks20
\@floatcapt=\box54
)
(C:\Users\EdmundMulligan.ONELONDON\AppData\Local\Programs\MiKTeX\tex/latex/enum
item\enumitem.sty
Package: enumitem 2025/02/06 v3.11 Customized lists
\labelindent=\skip53
\enit@outerparindent=\dimen170
\enit@toks=\toks21
\enit@inbox=\box55
\enit@count@id=\count292
\enitdp@description=\count293
)
(C:\Users\EdmundMulligan.ONELONDON\AppData\Local\Programs\MiKTeX\tex/latex/pgf/
frontendlayer\tikz.sty
(C:\Users\EdmundMulligan.ONELONDON\AppData\Local\Programs\MiKTeX\tex/latex/pgf/
basiclayer\pgf.sty
(C:\Users\EdmundMulligan.ONELONDON\AppData\Local\Programs\MiKTeX\tex/latex/pgf/
utilities\pgfrcs.sty
(C:\Users\EdmundMulligan.ONELONDON\AppData\Local\Programs\MiKTeX\tex/generic/pg
f/utilities\pgfutil-common.tex
\pgfutil@everybye=\toks22
\pgfutil@tempdima=\dimen171
\pgfutil@tempdimb=\dimen172
)
(C:\Users\EdmundMulligan.ONELONDON\AppData\Local\Programs\MiKTeX\tex/generic/pg
f/utilities\pgfutil-latex.def
\pgfutil@abb=\box56
)
(C:\Users\EdmundMulligan.ONELONDON\AppData\Local\Programs\MiKTeX\tex/generic/pg
f/utilities\pgfrcs.code.tex
(C:\Users\EdmundMulligan.ONELONDON\AppData\Local\Programs\MiKTeX\tex/generic/pg
f\pgf.revision.tex)
Package: pgfrcs 2025-08-29 v3.1.11a (3.1.11a)
))
Package: pgf 2025-08-29 v3.1.11a (3.1.11a)

(C:\Users\EdmundMulligan.ONELONDON\AppData\Local\Programs\MiKTeX\tex/latex/pgf/
basiclayer\pgfcore.sty
(C:\Users\EdmundMulligan.ONELONDON\AppData\Local\Programs\MiKTeX\tex/latex/grap
hics\graphicx.sty
Package: graphicx 2024/12/31 v1.2e Enhanced LaTeX Graphics (DPC,SPQR)

(C:\Users\EdmundMulligan.ONELONDON\AppData\Local\Programs\MiKTeX\tex/latex/grap
hics\graphics.sty
Package: graphics 2024/08/06 v1.4g Standard LaTeX Graphics (DPC,SPQR)

(C:\Users\EdmundMulligan.ONELONDON\AppData\Local\Programs\MiKTeX\tex/latex/grap
hics\trig.sty
Package: trig 2023/12/02 v1.11 sin cos tan (DPC)
)
(C:\Users\EdmundMulligan.ONELONDON\AppData\Local\Programs\MiKTeX\tex/latex/grap
hics-cfg\graphics.cfg
File: graphics.cfg 2016/06/04 v1.11 sample graphics configuration
)
Package graphics Info: Driver file: pdftex.def on input line 106.

(C:\Users\EdmundMulligan.ONELONDON\AppData\Local\Programs\MiKTeX\tex/latex/grap
hics-def\pdftex.def
File: pdftex.def 2025/09/29 v1.2d Graphics/color driver for pdftex
))
\Gin@req@height=\dimen173
\Gin@req@width=\dimen174
)
(C:\Users\EdmundMulligan.ONELONDON\AppData\Local\Programs\MiKTeX\tex/latex/pgf/
systemlayer\pgfsys.sty
(C:\Users\EdmundMulligan.ONELONDON\AppData\Local\Programs\MiKTeX\tex/generic/pg
f/systemlayer\pgfsys.code.tex
Package: pgfsys 2025-08-29 v3.1.11a (3.1.11a)

(C:\Users\EdmundMulligan.ONELONDON\AppData\Local\Programs\MiKTeX\tex/generic/pg
f/utilities\pgfkeys.code.tex
\pgfkeys@pathtoks=\toks23
\pgfkeys@temptoks=\toks24

(C:\Users\EdmundMulligan.ONELONDON\AppData\Local\Programs\MiKTeX\tex/generic/pg
f/utilities\pgfkeyslibraryfiltered.code.tex
\pgfkeys@tmptoks=\toks25
))
\pgf@x=\dimen175
\pgf@y=\dimen176
\pgf@xa=\dimen177
\pgf@ya=\dimen178
\pgf@xb=\dimen179
\pgf@yb=\dimen180
\pgf@xc=\dimen181
\pgf@yc=\dimen182
\pgf@xd=\dimen183
\pgf@yd=\dimen184
\w@pgf@writea=\write3
\r@pgf@reada=\read2
\c@pgf@counta=\count294
\c@pgf@countb=\count295
\c@pgf@countc=\count296
\c@pgf@countd=\count297
\t@pgf@toka=\toks26
\t@pgf@tokb=\toks27
\t@pgf@tokc=\toks28
\pgf@sys@id@count=\count298

(C:\Users\EdmundMulligan.ONELONDON\AppData\Local\Programs\MiKTeX\tex/generic/pg
f/systemlayer\pgf.cfg
File: pgf.cfg 2025-08-29 v3.1.11a (3.1.11a)
)
Driver file for pgf: pgfsys-pdftex.def

(C:\Users\EdmundMulligan.ONELONDON\AppData\Local\Programs\MiKTeX\tex/generic/pg
f/systemlayer\pgfsys-pdftex.def
File: pgfsys-pdftex.def 2025-08-29 v3.1.11a (3.1.11a)

(C:\Users\EdmundMulligan.ONELONDON\AppData\Local\Programs\MiKTeX\tex/generic/pg
f/systemlayer\pgfsys-common-pdf.def
File: pgfsys-common-pdf.def 2025-08-29 v3.1.11a (3.1.11a)
)))
(C:\Users\EdmundMulligan.ONELONDON\AppData\Local\Programs\MiKTeX\tex/generic/pg
f/systemlayer\pgfsyssoftpath.code.tex
File: pgfsyssoftpath.code.tex 2025-08-29 v3.1.11a (3.1.11a)
\pgfsyssoftpath@smallbuffer@items=\count299
\pgfsyssoftpath@bigbuffer@items=\count300
)
(C:\Users\EdmundMulligan.ONELONDON\AppData\Local\Programs\MiKTeX\tex/generic/pg
f/systemlayer\pgfsysprotocol.code.tex
File: pgfsysprotocol.code.tex 2025-08-29 v3.1.11a (3.1.11a)
))
(C:\Users\EdmundMulligan.ONELONDON\AppData\Local\Programs\MiKTeX\tex/latex/xcol
or\xcolor.sty
Package: xcolor 2024/09/29 v3.02 LaTeX color extensions (UK)

(C:\Users\EdmundMulligan.ONELONDON\AppData\Local\Programs\MiKTeX\tex/latex/grap
hics-cfg\color.cfg
File: color.cfg 2016/01/02 v1.6 sample color configuration
)
Package xcolor Info: Driver file: pdftex.def on input line 274.

(C:\Users\EdmundMulligan.ONELONDON\AppData\Local\Programs\MiKTeX\tex/latex/grap
hics\mathcolor.ltx)
Package xcolor Info: Model `cmy' substituted by `cmy0' on input line 1349.
Package xcolor Info: Model `hsb' substituted by `rgb' on input line 1353.
Package xcolor Info: Model `RGB' extended on input line 1365.
Package xcolor Info: Model `HTML' substituted by `rgb' on input line 1367.
Package xcolor Info: Model `Hsb' substituted by `hsb' on input line 1368.
Package xcolor Info: Model `tHsb' substituted by `hsb' on input line 1369.
Package xcolor Info: Model `HSB' substituted by `hsb' on input line 1370.
Package xcolor Info: Model `Gray' substituted by `gray' on input line 1371.
Package xcolor Info: Model `wave' substituted by `hsb' on input line 1372.
)
(C:\Users\EdmundMulligan.ONELONDON\AppData\Local\Programs\MiKTeX\tex/generic/pg
f/basiclayer\pgfcore.code.tex
Package: pgfcore 2025-08-29 v3.1.11a (3.1.11a)

(C:\Users\EdmundMulligan.ONELONDON\AppData\Local\Programs\MiKTeX\tex/generic/pg
f/math\pgfmath.code.tex
(C:\Users\EdmundMulligan.ONELONDON\AppData\Local\Programs\MiKTeX\tex/generic/pg
f/math\pgfmathutil.code.tex)
(C:\Users\EdmundMulligan.ONELONDON\AppData\Local\Programs\MiKTeX\tex/generic/pg
f/math\pgfmathparser.code.tex
\pgfmath@dimen=\dimen185
\pgfmath@count=\count301
\pgfmath@box=\box57
\pgfmath@toks=\toks29
\pgfmath@stack@operand=\toks30
\pgfmath@stack@operation=\toks31
)
(C:\Users\EdmundMulligan.ONELONDON\AppData\Local\Programs\MiKTeX\tex/generic/pg
f/math\pgfmathfunctions.code.tex)
(C:\Users\EdmundMulligan.ONELONDON\AppData\Local\Programs\MiKTeX\tex/generic/pg
f/math\pgfmathfunctions.basic.code.tex)
(C:\Users\EdmundMulligan.ONELONDON\AppData\Local\Programs\MiKTeX\tex/generic/pg
f/math\pgfmathfunctions.trigonometric.code.tex)
(C:\Users\EdmundMulligan.ONELONDON\AppData\Local\Programs\MiKTeX\tex/generic/pg
f/math\pgfmathfunctions.random.code.tex)
(C:\Users\EdmundMulligan.ONELONDON\AppData\Local\Programs\MiKTeX\tex/generic/pg
f/math\pgfmathfunctions.comparison.code.tex)
(C:\Users\EdmundMulligan.ONELONDON\AppData\Local\Programs\MiKTeX\tex/generic/pg
f/math\pgfmathfunctions.base.code.tex)
(C:\Users\EdmundMulligan.ONELONDON\AppData\Local\Programs\MiKTeX\tex/generic/pg
f/math\pgfmathfunctions.round.code.tex)
(C:\Users\EdmundMulligan.ONELONDON\AppData\Local\Programs\MiKTeX\tex/generic/pg
f/math\pgfmathfunctions.misc.code.tex)
(C:\Users\EdmundMulligan.ONELONDON\AppData\Local\Programs\MiKTeX\tex/generic/pg
f/math\pgfmathfunctions.integerarithmetics.code.tex)
(C:\Users\EdmundMulligan.ONELONDON\AppData\Local\Programs\MiKTeX\tex/generic/pg
f/math\pgfmathcalc.code.tex)
(C:\Users\EdmundMulligan.ONELONDON\AppData\Local\Programs\MiKTeX\tex/generic/pg
f/math\pgfmathfloat.code.tex
\c@pgfmathroundto@lastzeros=\count302
))
(C:\Users\EdmundMulligan.ONELONDON\AppData\Local\Programs\MiKTeX\tex/generic/pg
f/math\pgfint.code.tex)
(C:\Users\EdmundMulligan.ONELONDON\AppData\Local\Programs\MiKTeX\tex/generic/pg
f/basiclayer\pgfcorepoints.code.tex
File: pgfcorepoints.code.tex 2025-08-29 v3.1.11a (3.1.11a)
\pgf@picminx=\dimen186
\pgf@picmaxx=\dimen187
\pgf@picminy=\dimen188
\pgf@picmaxy=\dimen189
\pgf@pathminx=\dimen190
\pgf@pathmaxx=\dimen191
\pgf@pathminy=\dimen192
\pgf@pathmaxy=\dimen193
\pgf@xx=\dimen194
\pgf@xy=\dimen195
\pgf@yx=\dimen196
\pgf@yy=\dimen197
\pgf@zx=\dimen198
\pgf@zy=\dimen199
)
(C:\Users\EdmundMulligan.ONELONDON\AppData\Local\Programs\MiKTeX\tex/generic/pg
f/basiclayer\pgfcorepathconstruct.code.tex
File: pgfcorepathconstruct.code.tex 2025-08-29 v3.1.11a (3.1.11a)
\pgf@path@lastx=\dimen256
\pgf@path@lasty=\dimen257
)
(C:\Users\EdmundMulligan.ONELONDON\AppData\Local\Programs\MiKTeX\tex/generic/pg
f/basiclayer\pgfcorepathusage.code.tex
File: pgfcorepathusage.code.tex 2025-08-29 v3.1.11a (3.1.11a)
\pgf@shorten@end@additional=\dimen258
\pgf@shorten@start@additional=\dimen259
)
(C:\Users\EdmundMulligan.ONELONDON\AppData\Local\Programs\MiKTeX\tex/generic/pg
f/basiclayer\pgfcorescopes.code.tex
File: pgfcorescopes.code.tex 2025-08-29 v3.1.11a (3.1.11a)
\pgfpic=\box58
\pgf@hbox=\box59
\pgf@layerbox@main=\box60
\pgf@picture@serial@count=\count303
)
(C:\Users\EdmundMulligan.ONELONDON\AppData\Local\Programs\MiKTeX\tex/generic/pg
f/basiclayer\pgfcoregraphicstate.code.tex
File: pgfcoregraphicstate.code.tex 2025-08-29 v3.1.11a (3.1.11a)
\pgflinewidth=\dimen260
)
(C:\Users\EdmundMulligan.ONELONDON\AppData\Local\Programs\MiKTeX\tex/generic/pg
f/basiclayer\pgfcoretransformations.code.tex
File: pgfcoretransformations.code.tex 2025-08-29 v3.1.11a (3.1.11a)
\pgf@pt@x=\dimen261
\pgf@pt@y=\dimen262
\pgf@pt@temp=\dimen263
)
(C:\Users\EdmundMulligan.ONELONDON\AppData\Local\Programs\MiKTeX\tex/generic/pg
f/basiclayer\pgfcorequick.code.tex
File: pgfcorequick.code.tex 2025-08-29 v3.1.11a (3.1.11a)
)
(C:\Users\EdmundMulligan.ONELONDON\AppData\Local\Programs\MiKTeX\tex/generic/pg
f/basiclayer\pgfcoreobjects.code.tex
File: pgfcoreobjects.code.tex 2025-08-29 v3.1.11a (3.1.11a)
)
(C:\Users\EdmundMulligan.ONELONDON\AppData\Local\Programs\MiKTeX\tex/generic/pg
f/basiclayer\pgfcorepathprocessing.code.tex
File: pgfcorepathprocessing.code.tex 2025-08-29 v3.1.11a (3.1.11a)
)
(C:\Users\EdmundMulligan.ONELONDON\AppData\Local\Programs\MiKTeX\tex/generic/pg
f/basiclayer\pgfcorearrows.code.tex
File: pgfcorearrows.code.tex 2025-08-29 v3.1.11a (3.1.11a)
\pgfarrowsep=\dimen264
)
(C:\Users\EdmundMulligan.ONELONDON\AppData\Local\Programs\MiKTeX\tex/generic/pg
f/basiclayer\pgfcoreshade.code.tex
File: pgfcoreshade.code.tex 2025-08-29 v3.1.11a (3.1.11a)
\pgf@max=\dimen265
\pgf@sys@shading@range@num=\count304
\pgf@shadingcount=\count305
)
(C:\Users\EdmundMulligan.ONELONDON\AppData\Local\Programs\MiKTeX\tex/generic/pg
f/basiclayer\pgfcoreimage.code.tex
File: pgfcoreimage.code.tex 2025-08-29 v3.1.11a (3.1.11a)
)
(C:\Users\EdmundMulligan.ONELONDON\AppData\Local\Programs\MiKTeX\tex/generic/pg
f/basiclayer\pgfcoreexternal.code.tex
File: pgfcoreexternal.code.tex 2025-08-29 v3.1.11a (3.1.11a)
\pgfexternal@startupbox=\box61
)
(C:\Users\EdmundMulligan.ONELONDON\AppData\Local\Programs\MiKTeX\tex/generic/pg
f/basiclayer\pgfcorelayers.code.tex
File: pgfcorelayers.code.tex 2025-08-29 v3.1.11a (3.1.11a)
)
(C:\Users\EdmundMulligan.ONELONDON\AppData\Local\Programs\MiKTeX\tex/generic/pg
f/basiclayer\pgfcoretransparency.code.tex
File: pgfcoretransparency.code.tex 2025-08-29 v3.1.11a (3.1.11a)
)
(C:\Users\EdmundMulligan.ONELONDON\AppData\Local\Programs\MiKTeX\tex/generic/pg
f/basiclayer\pgfcorepatterns.code.tex
File: pgfcorepatterns.code.tex 2025-08-29 v3.1.11a (3.1.11a)
)
(C:\Users\EdmundMulligan.ONELONDON\AppData\Local\Programs\MiKTeX\tex/generic/pg
f/basiclayer\pgfcorerdf.code.tex
File: pgfcorerdf.code.tex 2025-08-29 v3.1.11a (3.1.11a)
)))
(C:\Users\EdmundMulligan.ONELONDON\AppData\Local\Programs\MiKTeX\tex/generic/pg
f/modules\pgfmoduleshapes.code.tex
File: pgfmoduleshapes.code.tex 2025-08-29 v3.1.11a (3.1.11a)
\pgfnodeparttextbox=\box62
)
(C:\Users\EdmundMulligan.ONELONDON\AppData\Local\Programs\MiKTeX\tex/generic/pg
f/modules\pgfmoduleplot.code.tex
File: pgfmoduleplot.code.tex 2025-08-29 v3.1.11a (3.1.11a)
)
(C:\Users\EdmundMulligan.ONELONDON\AppData\Local\Programs\MiKTeX\tex/latex/pgf/
compatibility\pgfcomp-version-0-65.sty
Package: pgfcomp-version-0-65 2025-08-29 v3.1.11a (3.1.11a)
\pgf@nodesepstart=\dimen266
\pgf@nodesepend=\dimen267
)
(C:\Users\EdmundMulligan.ONELONDON\AppData\Local\Programs\MiKTeX\tex/latex/pgf/
compatibility\pgfcomp-version-1-18.sty
Package: pgfcomp-version-1-18 2025-08-29 v3.1.11a (3.1.11a)
))
(C:\Users\EdmundMulligan.ONELONDON\AppData\Local\Programs\MiKTeX\tex/latex/pgf/
utilities\pgffor.sty
(C:\Users\EdmundMulligan.ONELONDON\AppData\Local\Programs\MiKTeX\tex/latex/pgf/
utilities\pgfkeys.sty
(C:\Users\EdmundMulligan.ONELONDON\AppData\Local\Programs\MiKTeX\tex/generic/pg
f/utilities\pgfkeys.code.tex))
(C:\Users\EdmundMulligan.ONELONDON\AppData\Local\Programs\MiKTeX\tex/latex/pgf/
math\pgfmath.sty
(C:\Users\EdmundMulligan.ONELONDON\AppData\Local\Programs\MiKTeX\tex/generic/pg
f/math\pgfmath.code.tex))
(C:\Users\EdmundMulligan.ONELONDON\AppData\Local\Programs\MiKTeX\tex/generic/pg
f/utilities\pgffor.code.tex
Package: pgffor 2025-08-29 v3.1.11a (3.1.11a)
\pgffor@iter=\dimen268
\pgffor@skip=\dimen269
\pgffor@stack=\toks32
\pgffor@toks=\toks33
))
(C:\Users\EdmundMulligan.ONELONDON\AppData\Local\Programs\MiKTeX\tex/generic/pg
f/frontendlayer/tikz\tikz.code.tex
Package: tikz 2025-08-29 v3.1.11a (3.1.11a)

(C:\Users\EdmundMulligan.ONELONDON\AppData\Local\Programs\MiKTeX\tex/generic/pg
f/libraries\pgflibraryplothandlers.code.tex
File: pgflibraryplothandlers.code.tex 2025-08-29 v3.1.11a (3.1.11a)
\pgf@plot@mark@count=\count306
\pgfplotmarksize=\dimen270
)
\tikz@lastx=\dimen271
\tikz@lasty=\dimen272
\tikz@lastxsaved=\dimen273
\tikz@lastysaved=\dimen274
\tikz@lastmovetox=\dimen275
\tikz@lastmovetoy=\dimen276
\tikzleveldistance=\dimen277
\tikzsiblingdistance=\dimen278
\tikz@figbox=\box63
\tikz@figbox@bg=\box64
\tikz@tempbox=\box65
\tikz@tempbox@bg=\box66
\tikztreelevel=\count307
\tikznumberofchildren=\count308
\tikznumberofcurrentchild=\count309
\tikz@fig@count=\count310

(C:\Users\EdmundMulligan.ONELONDON\AppData\Local\Programs\MiKTeX\tex/generic/pg
f/modules\pgfmodulematrix.code.tex
File: pgfmodulematrix.code.tex 2025-08-29 v3.1.11a (3.1.11a)
\pgfmatrixcurrentrow=\count311
\pgfmatrixcurrentcolumn=\count312
\pgf@matrix@numberofcolumns=\count313
)
\tikz@expandcount=\count314

(C:\Users\EdmundMulligan.ONELONDON\AppData\Local\Programs\MiKTeX\tex/generic/pg
f/frontendlayer/tikz/libraries\tikzlibrarytopaths.code.tex
File: tikzlibrarytopaths.code.tex 2025-08-29 v3.1.11a (3.1.11a)
)))
(C:\Users\EdmundMulligan.ONELONDON\AppData\Local\Programs\MiKTeX\tex/generic/pg
f/frontendlayer/tikz/libraries\tikzlibrarypositioning.code.tex
File: tikzlibrarypositioning.code.tex 2025-08-29 v3.1.11a (3.1.11a)
)
(C:\Users\EdmundMulligan.ONELONDON\AppData\Local\Programs\MiKTeX\tex/latex/l3ba
ckend\l3backend-pdftex.def
File: l3backend-pdftex.def 2025-10-09 L3 backend support: PDF output (pdfTeX)
\l__color_backend_stack_int=\count315
) (essay-3.aux)
\openout1 = `essay-3.aux'.

LaTeX Font Info:    Checking defaults for OML/cmm/m/it on input line 26.
LaTeX Font Info:    ... okay on input line 26.
LaTeX Font Info:    Checking defaults for OMS/cmsy/m/n on input line 26.
LaTeX Font Info:    ... okay on input line 26.
LaTeX Font Info:    Checking defaults for OT1/cmr/m/n on input line 26.
LaTeX Font Info:    ... okay on input line 26.
LaTeX Font Info:    Checking defaults for T1/cmr/m/n on input line 26.
LaTeX Font Info:    ... okay on input line 26.
LaTeX Font Info:    Checking defaults for TS1/cmr/m/n on input line 26.
LaTeX Font Info:    ... okay on input line 26.
LaTeX Font Info:    Checking defaults for OMX/cmex/m/n on input line 26.
LaTeX Font Info:    ... okay on input line 26.
LaTeX Font Info:    Checking defaults for U/cmr/m/n on input line 26.
LaTeX Font Info:    ... okay on input line 26.

*geometry* driver: auto-detecting
*geometry* detected driver: pdftex
*geometry* verbose mode - [ preamble ] result:
* driver: pdftex
* paper: a4paper
* layout: <same size as paper>
* layoutoffset:(h,v)=(0.0pt,0.0pt)
* modes: 
* h-part:(L,W,R)=(56.9055pt, 483.69687pt, 56.9055pt)
* v-part:(T,H,B)=(56.9055pt, 731.23584pt, 56.9055pt)
* \paperwidth=597.50787pt
* \paperheight=845.04684pt
* \textwidth=483.69687pt
* \textheight=731.23584pt
* \oddsidemargin=-15.36449pt
* \evensidemargin=-15.36449pt
* \topmargin=-52.36449pt
* \headheight=12.0pt
* \headsep=25.0pt
* \topskip=12.0pt
* \footskip=30.0pt
* \marginparwidth=35.0pt
* \marginparsep=10.0pt
* \columnsep=10.0pt
* \skip\footins=10.8pt plus 4.0pt minus 2.0pt
* \hoffset=0.0pt
* \voffset=0.0pt
* \mag=1000
* \@twocolumnfalse
* \@twosidefalse
* \@mparswitchfalse
* \@reversemarginfalse
* (1in=72.27pt=25.4mm, 1cm=28.453pt)


(C:\Users\EdmundMulligan.ONELONDON\AppData\Local\Programs\MiKTeX\tex/context/ba
se/mkii\supp-pdf.mkii
[Loading MPS to PDF converter (version 2006.09.02).]
\scratchcounter=\count316
\scratchdimen=\dimen279
\scratchbox=\box67
\nofMPsegments=\count317
\nofMParguments=\count318
\everyMPshowfont=\toks34
\MPscratchCnt=\count319
\MPscratchDim=\dimen280
\MPnumerator=\count320
\makeMPintoPDFobject=\count321
\everyMPtoPDFconversion=\toks35
)
(C:\Users\EdmundMulligan.ONELONDON\AppData\Local\Programs\MiKTeX\tex/latex/epst
opdf-pkg\epstopdf-base.sty
Package: epstopdf-base 2020-01-24 v2.11 Base part for package epstopdf
Package epstopdf-base Info: Redefining graphics rule for `.eps' on input line 4
85.

(C:\Users\EdmundMulligan.ONELONDON\AppData\Local\Programs\MiKTeX\tex/latex/00mi
ktex\epstopdf-sys.cfg
File: epstopdf-sys.cfg 2021/03/18 v2.0 Configuration of epstopdf for MiKTeX
))
LaTeX Font Info:    External font `cmex10' loaded for size
(Font)              <14.4> on input line 32.
LaTeX Font Info:    External font `cmex10' loaded for size
(Font)              <7> on input line 32.
 (essay-3.toc
LaTeX Font Info:    External font `cmex10' loaded for size
(Font)              <12> on input line 5.
LaTeX Font Info:    External font `cmex10' loaded for size
(Font)              <8> on input line 5.
LaTeX Font Info:    External font `cmex10' loaded for size
(Font)              <6> on input line 5.
)
\tf@toc=\write4
\openout4 = `essay-3.toc'.

 [1

{C:/Users/EdmundMulligan.ONELONDON/AppData/Local/MiKTeX/fonts/map/pdftex/pdftex
.map}]
Overfull \hbox (1.81998pt too wide) in paragraph at lines 46--47
[]$\OT1/cmtt/m/n/12 https : / / web . witchcraft-[]and-[]wizardry . school/$\OT
1/cmr/m/n/12 . Re-sults of au-to-mated tests (along with
 []

[2] [3] (essay-3-wordcount.txt) (essay-3.bbl
Underfull \hbox (badness 10000) in paragraph at lines 94--1

 []

[4]) [5] (essay-3-appendix.tex) [6] (essay-3.aux)
 ***********
LaTeX2e <2025-11-01>
L3 programming layer <2026-01-19>
 ***********
 ) 
Here is how much of TeX's memory you used:
 13339 strings out of 467866
 278467 string characters out of 5409130
 664588 words of memory out of 5000000
 41993 multiletter control sequences out of 15000+600000
 634350 words of font info for 62 fonts, out of 8000000 for 9000
 1141 hyphenation exceptions out of 8191
 102i,6n,107p,1384b,313s stack positions out of 10000i,1000n,20000p,200000b,200000s
 <C:\Users\EdmundMulligan.ONELONDON\AppData\Local\MiKTeX\fonts/pk/ljfour/jkna
ppen/ec/dpi600\tcrm1200.pk><C:/Users/EdmundMulligan.ONELONDON/AppData/Local/Pro
grams/MiKTeX/fonts/type1/public/amsfonts/cm/cmbx10.pfb><C:/Users/EdmundMulligan
.ONELONDON/AppData/Local/Programs/MiKTeX/fonts/type1/public/amsfonts/cm/cmbx12.
pfb><C:/Users/EdmundMulligan.ONELONDON/AppData/Local/Programs/MiKTeX/fonts/type
1/public/amsfonts/cm/cmr10.pfb><C:/Users/EdmundMulligan.ONELONDON/AppData/Local
/Programs/MiKTeX/fonts/type1/public/amsfonts/cm/cmr12.pfb><C:/Users/EdmundMulli
gan.ONELONDON/AppData/Local/Programs/MiKTeX/fonts/type1/public/amsfonts/cm/cmr1
7.pfb><C:/Users/EdmundMulligan.ONELONDON/AppData/Local/Programs/MiKTeX/fonts/ty
pe1/public/amsfonts/cm/cmti12.pfb><C:/Users/EdmundMulligan.ONELONDON/AppData/Lo
cal/Programs/MiKTeX/fonts/type1/public/amsfonts/cm/cmtt12.pfb>
Output written on essay-3.pdf (6 pages, 141384 bytes).
PDF statistics:
 64 PDF objects out of 1000 (max. 8388607)
 0 named destinations out of 1000 (max. 500000)
 13 words of extra memory for PDF output out of 10000 (max. 10000000)

